Java HotSpot(TM) 64-Bit Server VM (25.151-b12) for linux-amd64 JRE (1.8.0_151-b12), built on Sep  5 2017 19:20:58 by "java_re" with gcc 4.3.0 20080428 (Red Hat 4.3.0-8)
Memory: 4k page, physical 16373932k(2766636k free), swap 27202552k(25522740k free)
CommandLine flags: -XX:+DisableExplicitGC -XX:InitialHeapSize=1073741824 -XX:InitiatingHeapOccupancyPercent=35 -XX:+ManagementServer -XX:MaxGCPauseMillis=20 -XX:MaxHeapSize=1073741824 -XX:+PrintGC -XX:+PrintGCDateStamps -XX:+PrintGCDetails -XX:+PrintGCTimeStamps -XX:+UseCompressedClassPointers -XX:+UseCompressedOops -XX:+UseG1GC 
2018-10-17T09:50:00.700+0300: 1.686: [GC pause (G1 Evacuation Pause) (young), 0.0077293 secs]
   [Parallel Time: 4.7 ms, GC Workers: 4]
      [GC Worker Start (ms): Min: 1686.4, Avg: 1686.5, Max: 1686.5, Diff: 0.1]
      [Ext Root Scanning (ms): Min: 0.5, Avg: 1.4, Max: 3.5, Diff: 2.9, Sum: 5.7]
      [Update RS (ms): Min: 0.0, Avg: 0.0, Max: 0.0, Diff: 0.0, Sum: 0.0]
         [Processed Buffers: Min: 0, Avg: 0.0, Max: 0, Diff: 0, Sum: 0]
      [Scan RS (ms): Min: 0.0, Avg: 0.0, Max: 0.0, Diff: 0.0, Sum: 0.0]
      [Code Root Scanning (ms): Min: 0.0, Avg: 0.1, Max: 0.1, Diff: 0.1, Sum: 0.3]
      [Object Copy (ms): Min: 0.0, Avg: 1.9, Max: 2.7, Diff: 2.7, Sum: 7.5]
      [Termination (ms): Min: 0.0, Avg: 0.3, Max: 1.1, Diff: 1.1, Sum: 1.4]
         [Termination Attempts: Min: 1, Avg: 3.0, Max: 6, Diff: 5, Sum: 12]
      [GC Worker Other (ms): Min: 0.0, Avg: 0.0, Max: 0.0, Diff: 0.0, Sum: 0.0]
      [GC Worker Total (ms): Min: 3.5, Avg: 3.7, Max: 4.5, Diff: 1.0, Sum: 14.9]
      [GC Worker End (ms): Min: 1689.9, Avg: 1690.2, Max: 1691.0, Diff: 1.1]
   [Code Root Fixup: 0.1 ms]
   [Code Root Purge: 0.0 ms]
   [Clear CT: 0.3 ms]
   [Other: 2.7 ms]
      [Choose CSet: 0.0 ms]
      [Ref Proc: 2.2 ms]
      [Ref Enq: 0.0 ms]
      [Redirty Cards: 0.2 ms]
      [Humongous Register: 0.0 ms]
      [Humongous Reclaim: 0.0 ms]
      [Free CSet: 0.1 ms]
   [Eden: 51.0M(51.0M)->0.0B(44.0M) Survivors: 0.0B->7168.0K Heap: 51.0M(1024.0M)->7971.0K(1024.0M)]
 [Times: user=0.02 sys=0.00, real=0.00 secs] 
2018-10-17T09:50:01.960+0300: 2.946: [GC pause (G1 Evacuation Pause) (young), 0.0117541 secs]
   [Parallel Time: 10.2 ms, GC Workers: 4]
      [GC Worker Start (ms): Min: 2946.2, Avg: 2946.9, Max: 2947.1, Diff: 0.9]
      [Ext Root Scanning (ms): Min: 0.3, Avg: 0.6, Max: 1.1, Diff: 0.9, Sum: 2.6]
      [Update RS (ms): Min: 0.0, Avg: 0.0, Max: 0.1, Diff: 0.1, Sum: 0.1]
         [Processed Buffers: Min: 0, Avg: 0.2, Max: 1, Diff: 1, Sum: 1]
      [Scan RS (ms): Min: 0.0, Avg: 0.0, Max: 0.0, Diff: 0.0, Sum: 0.0]
      [Code Root Scanning (ms): Min: 0.1, Avg: 2.0, Max: 3.9, Diff: 3.7, Sum: 8.2]
      [Object Copy (ms): Min: 0.0, Avg: 3.1, Max: 7.9, Diff: 7.9, Sum: 12.4]
      [Termination (ms): Min: 0.0, Avg: 3.7, Max: 5.0, Diff: 5.0, Sum: 14.9]
         [Termination Attempts: Min: 1, Avg: 1.0, Max: 1, Diff: 0, Sum: 4]
      [GC Worker Other (ms): Min: 0.0, Avg: 0.0, Max: 0.0, Diff: 0.0, Sum: 0.0]
      [GC Worker Total (ms): Min: 9.3, Avg: 9.6, Max: 10.2, Diff: 0.9, Sum: 38.2]
      [GC Worker End (ms): Min: 2956.4, Avg: 2956.4, Max: 2956.4, Diff: 0.0]
   [Code Root Fixup: 0.3 ms]
   [Code Root Purge: 0.0 ms]
   [Clear CT: 0.0 ms]
   [Other: 1.2 ms]
      [Choose CSet: 0.0 ms]
      [Ref Proc: 0.9 ms]
      [Ref Enq: 0.0 ms]
      [Redirty Cards: 0.0 ms]
      [Humongous Register: 0.0 ms]
      [Humongous Reclaim: 0.0 ms]
      [Free CSet: 0.1 ms]
   [Eden: 44.0M(44.0M)->0.0B(44.0M) Survivors: 7168.0K->7168.0K Heap: 179.8M(1024.0M)->136.6M(1024.0M)]
 [Times: user=0.04 sys=0.00, real=0.01 secs] 
2018-10-17T09:50:02.168+0300: 3.154: [GC pause (G1 Evacuation Pause) (young), 0.0067280 secs]
   [Parallel Time: 5.6 ms, GC Workers: 4]
      [GC Worker Start (ms): Min: 3153.9, Avg: 3155.2, Max: 3158.0, Diff: 4.2]
      [Ext Root Scanning (ms): Min: 0.0, Avg: 0.4, Max: 0.9, Diff: 0.9, Sum: 1.7]
      [Update RS (ms): Min: 0.0, Avg: 0.1, Max: 0.1, Diff: 0.1, Sum: 0.2]
         [Processed Buffers: Min: 0, Avg: 0.5, Max: 1, Diff: 1, Sum: 2]
      [Scan RS (ms): Min: 0.0, Avg: 0.0, Max: 0.0, Diff: 0.0, Sum: 0.0]
      [Code Root Scanning (ms): Min: 0.0, Avg: 1.2, Max: 4.3, Diff: 4.3, Sum: 4.7]
      [Object Copy (ms): Min: 0.3, Avg: 1.8, Max: 3.3, Diff: 3.0, Sum: 7.3]
      [Termination (ms): Min: 0.0, Avg: 0.6, Max: 0.9, Diff: 0.9, Sum: 2.6]
         [Termination Attempts: Min: 1, Avg: 1.8, Max: 3, Diff: 2, Sum: 7]
      [GC Worker Other (ms): Min: 0.0, Avg: 0.0, Max: 0.0, Diff: 0.0, Sum: 0.0]
      [GC Worker Total (ms): Min: 1.3, Avg: 4.1, Max: 5.5, Diff: 4.1, Sum: 16.5]
      [GC Worker End (ms): Min: 3159.4, Avg: 3159.4, Max: 3159.4, Diff: 0.1]
   [Code Root Fixup: 0.4 ms]
   [Code Root Purge: 0.0 ms]
   [Clear CT: 0.1 ms]
   [Other: 0.7 ms]
      [Choose CSet: 0.0 ms]
      [Ref Proc: 0.3 ms]
      [Ref Enq: 0.0 ms]
      [Redirty Cards: 0.1 ms]
      [Humongous Register: 0.0 ms]
      [Humongous Reclaim: 0.0 ms]
      [Free CSet: 0.1 ms]
   [Eden: 44.0M(44.0M)->0.0B(47.0M) Survivors: 7168.0K->4096.0K Heap: 180.6M(1024.0M)->136.6M(1024.0M)]
 [Times: user=0.02 sys=0.00, real=0.01 secs] 
2018-10-17T09:50:02.310+0300: 3.296: [GC pause (G1 Evacuation Pause) (young), 0.0048518 secs]
   [Parallel Time: 4.2 ms, GC Workers: 4]
      [GC Worker Start (ms): Min: 3295.8, Avg: 3298.7, Max: 3299.7, Diff: 4.0]
      [Ext Root Scanning (ms): Min: 0.0, Avg: 0.2, Max: 1.0, Diff: 1.0, Sum: 1.0]
      [Update RS (ms): Min: 0.0, Avg: 0.2, Max: 0.6, Diff: 0.6, Sum: 0.7]
         [Processed Buffers: Min: 0, Avg: 2.5, Max: 10, Diff: 10, Sum: 10]
      [Scan RS (ms): Min: 0.0, Avg: 0.1, Max: 0.3, Diff: 0.3, Sum: 0.4]
      [Code Root Scanning (ms): Min: 0.0, Avg: 0.1, Max: 0.2, Diff: 0.2, Sum: 0.2]
      [Object Copy (ms): Min: 0.0, Avg: 0.4, Max: 1.6, Diff: 1.6, Sum: 1.6]
      [Termination (ms): Min: 0.0, Avg: 0.1, Max: 0.2, Diff: 0.2, Sum: 0.5]
         [Termination Attempts: Min: 1, Avg: 1.0, Max: 1, Diff: 0, Sum: 4]
      [GC Worker Other (ms): Min: 0.0, Avg: 0.0, Max: 0.0, Diff: 0.0, Sum: 0.0]
      [GC Worker Total (ms): Min: 0.0, Avg: 1.1, Max: 4.1, Diff: 4.0, Sum: 4.3]
      [GC Worker End (ms): Min: 3299.7, Avg: 3299.8, Max: 3299.8, Diff: 0.1]
   [Code Root Fixup: 0.1 ms]
   [Code Root Purge: 0.0 ms]
   [Clear CT: 0.0 ms]
   [Other: 0.5 ms]
      [Choose CSet: 0.0 ms]
      [Ref Proc: 0.3 ms]
      [Ref Enq: 0.0 ms]
      [Redirty Cards: 0.0 ms]
      [Humongous Register: 0.0 ms]
      [Humongous Reclaim: 0.0 ms]
      [Free CSet: 0.0 ms]
   [Eden: 47.0M(47.0M)->0.0B(49.0M) Survivors: 4096.0K->2048.0K Heap: 183.6M(1024.0M)->134.3M(1024.0M)]
 [Times: user=0.00 sys=0.00, real=0.00 secs] 
2018-10-17T09:50:02.659+0300: 3.645: [GC pause (G1 Evacuation Pause) (young), 0.0032735 secs]
   [Parallel Time: 2.4 ms, GC Workers: 4]
      [GC Worker Start (ms): Min: 3644.7, Avg: 3644.9, Max: 3645.1, Diff: 0.4]
      [Ext Root Scanning (ms): Min: 0.1, Avg: 0.5, Max: 0.7, Diff: 0.6, Sum: 2.0]
      [Update RS (ms): Min: 0.0, Avg: 0.1, Max: 0.2, Diff: 0.2, Sum: 0.5]
         [Processed Buffers: Min: 0, Avg: 2.5, Max: 7, Diff: 7, Sum: 10]
      [Scan RS (ms): Min: 0.0, Avg: 0.0, Max: 0.0, Diff: 0.0, Sum: 0.0]
      [Code Root Scanning (ms): Min: 0.0, Avg: 0.1, Max: 0.2, Diff: 0.2, Sum: 0.2]
      [Object Copy (ms): Min: 0.9, Avg: 1.1, Max: 1.5, Diff: 0.5, Sum: 4.5]
      [Termination (ms): Min: 0.0, Avg: 0.3, Max: 0.5, Diff: 0.5, Sum: 1.0]
         [Termination Attempts: Min: 1, Avg: 1.0, Max: 1, Diff: 0, Sum: 4]
      [GC Worker Other (ms): Min: 0.0, Avg: 0.0, Max: 0.0, Diff: 0.0, Sum: 0.0]
      [GC Worker Total (ms): Min: 1.8, Avg: 2.1, Max: 2.3, Diff: 0.4, Sum: 8.3]
      [GC Worker End (ms): Min: 3647.0, Avg: 3647.0, Max: 3647.0, Diff: 0.0]
   [Code Root Fixup: 0.1 ms]
   [Code Root Purge: 0.0 ms]
   [Clear CT: 0.1 ms]
   [Other: 0.8 ms]
      [Choose CSet: 0.0 ms]
      [Ref Proc: 0.5 ms]
      [Ref Enq: 0.0 ms]
      [Redirty Cards: 0.1 ms]
      [Humongous Register: 0.0 ms]
      [Humongous Reclaim: 0.0 ms]
      [Free CSet: 0.0 ms]
   [Eden: 49.0M(49.0M)->0.0B(46.0M) Survivors: 2048.0K->5120.0K Heap: 183.3M(1024.0M)->137.1M(1024.0M)]
 [Times: user=0.00 sys=0.00, real=0.00 secs] 
2018-10-17T09:50:02.671+0300: 3.657: [GC pause (Metadata GC Threshold) (young) (initial-mark), 0.0045288 secs]
   [Parallel Time: 2.3 ms, GC Workers: 4]
      [GC Worker Start (ms): Min: 3657.2, Avg: 3657.4, Max: 3658.2, Diff: 1.0]
      [Ext Root Scanning (ms): Min: 0.0, Avg: 1.0, Max: 2.1, Diff: 2.1, Sum: 4.1]
      [Update RS (ms): Min: 0.0, Avg: 0.1, Max: 0.3, Diff: 0.3, Sum: 0.5]
         [Processed Buffers: Min: 0, Avg: 2.0, Max: 4, Diff: 4, Sum: 8]
      [Scan RS (ms): Min: 0.0, Avg: 0.0, Max: 0.0, Diff: 0.0, Sum: 0.0]
      [Code Root Scanning (ms): Min: 0.0, Avg: 0.1, Max: 0.2, Diff: 0.2, Sum: 0.4]
      [Object Copy (ms): Min: 0.0, Avg: 0.6, Max: 0.8, Diff: 0.8, Sum: 2.4]
      [Termination (ms): Min: 0.0, Avg: 0.1, Max: 0.1, Diff: 0.1, Sum: 0.3]
         [Termination Attempts: Min: 1, Avg: 1.5, Max: 2, Diff: 1, Sum: 6]
      [GC Worker Other (ms): Min: 0.0, Avg: 0.0, Max: 0.0, Diff: 0.0, Sum: 0.0]
      [GC Worker Total (ms): Min: 1.2, Avg: 1.9, Max: 2.2, Diff: 1.0, Sum: 7.7]
      [GC Worker End (ms): Min: 3659.4, Avg: 3659.4, Max: 3659.4, Diff: 0.0]
   [Code Root Fixup: 0.1 ms]
   [Code Root Purge: 0.0 ms]
   [Clear CT: 0.1 ms]
   [Other: 2.1 ms]
      [Choose CSet: 0.0 ms]
      [Ref Proc: 1.8 ms]
      [Ref Enq: 0.0 ms]
      [Redirty Cards: 0.0 ms]
      [Humongous Register: 0.0 ms]
      [Humongous Reclaim: 0.0 ms]
      [Free CSet: 0.0 ms]
   [Eden: 2048.0K(46.0M)->0.0B(46.0M) Survivors: 5120.0K->5120.0K Heap: 138.4M(1024.0M)->137.0M(1024.0M)]
 [Times: user=0.01 sys=0.00, real=0.00 secs] 
2018-10-17T09:50:02.676+0300: 3.662: [GC concurrent-root-region-scan-start]
2018-10-17T09:50:02.677+0300: 3.663: [GC concurrent-root-region-scan-end, 0.0016242 secs]
2018-10-17T09:50:02.677+0300: 3.663: [GC concurrent-mark-start]
2018-10-17T09:50:02.683+0300: 3.669: [GC concurrent-mark-end, 0.0052565 secs]
2018-10-17T09:50:02.683+0300: 3.669: [GC remark 2018-10-17T09:50:02.683+0300: 3.669: [Finalize Marking, 0.0044287 secs] 2018-10-17T09:50:02.687+0300: 3.673: [GC ref-proc, 0.0001280 secs] 2018-10-17T09:50:02.687+0300: 3.673: [Unloading, 0.0046557 secs], 0.0101199 secs]
 [Times: user=0.02 sys=0.00, real=0.01 secs] 
2018-10-17T09:50:02.693+0300: 3.679: [GC cleanup 137M->136M(1024M), 0.0008632 secs]
 [Times: user=0.00 sys=0.01, real=0.00 secs] 
2018-10-17T09:50:02.694+0300: 3.680: [GC concurrent-cleanup-start]
2018-10-17T09:50:02.694+0300: 3.680: [GC concurrent-cleanup-end, 0.0000069 secs]
2018-10-17T09:50:03.261+0300: 4.247: [GC pause (G1 Evacuation Pause) (young), 0.0044238 secs]
   [Parallel Time: 3.0 ms, GC Workers: 4]
      [GC Worker Start (ms): Min: 4247.4, Avg: 4248.4, Max: 4250.1, Diff: 2.7]
      [Ext Root Scanning (ms): Min: 0.0, Avg: 0.4, Max: 0.8, Diff: 0.7, Sum: 1.5]
      [Update RS (ms): Min: 0.0, Avg: 0.2, Max: 0.3, Diff: 0.3, Sum: 0.6]
         [Processed Buffers: Min: 0, Avg: 2.8, Max: 7, Diff: 7, Sum: 11]
      [Scan RS (ms): Min: 0.0, Avg: 0.0, Max: 0.0, Diff: 0.0, Sum: 0.0]
      [Code Root Scanning (ms): Min: 0.0, Avg: 0.1, Max: 0.2, Diff: 0.2, Sum: 0.4]
      [Object Copy (ms): Min: 0.0, Avg: 1.0, Max: 1.4, Diff: 1.4, Sum: 4.0]
      [Termination (ms): Min: 0.0, Avg: 0.1, Max: 0.2, Diff: 0.2, Sum: 0.4]
         [Termination Attempts: Min: 1, Avg: 1.0, Max: 1, Diff: 0, Sum: 4]
      [GC Worker Other (ms): Min: 0.0, Avg: 0.0, Max: 0.0, Diff: 0.0, Sum: 0.0]
      [GC Worker Total (ms): Min: 0.0, Avg: 1.8, Max: 2.8, Diff: 2.7, Sum: 7.1]
      [GC Worker End (ms): Min: 4250.2, Avg: 4250.2, Max: 4250.3, Diff: 0.1]
   [Code Root Fixup: 0.1 ms]
   [Code Root Purge: 0.0 ms]
   [Clear CT: 0.4 ms]
   [Other: 1.0 ms]
      [Choose CSet: 0.0 ms]
      [Ref Proc: 0.7 ms]
      [Ref Enq: 0.0 ms]
      [Redirty Cards: 0.0 ms]
      [Humongous Register: 0.0 ms]
      [Humongous Reclaim: 0.0 ms]
      [Free CSet: 0.0 ms]
   [Eden: 46.0M(46.0M)->0.0B(48.0M) Survivors: 5120.0K->5120.0K Heap: 182.0M(1024.0M)->135.8M(1024.0M)]
 [Times: user=0.01 sys=0.00, real=0.00 secs] 
2018-10-17T09:50:03.544+0300: 4.530: [GC pause (G1 Evacuation Pause) (young), 0.0074802 secs]
   [Parallel Time: 6.8 ms, GC Workers: 4]
      [GC Worker Start (ms): Min: 4530.5, Avg: 4534.6, Max: 4537.1, Diff: 6.6]
      [Ext Root Scanning (ms): Min: 0.0, Avg: 0.3, Max: 1.3, Diff: 1.3, Sum: 1.4]
      [Update RS (ms): Min: 0.0, Avg: 0.2, Max: 0.6, Diff: 0.6, Sum: 0.6]
         [Processed Buffers: Min: 0, Avg: 1.2, Max: 5, Diff: 5, Sum: 5]
      [Scan RS (ms): Min: 0.0, Avg: 0.0, Max: 0.0, Diff: 0.0, Sum: 0.0]
      [Code Root Scanning (ms): Min: 0.0, Avg: 0.1, Max: 0.4, Diff: 0.4, Sum: 0.4]
      [Object Copy (ms): Min: 0.0, Avg: 1.9, Max: 4.4, Diff: 4.4, Sum: 7.5]
      [Termination (ms): Min: 0.0, Avg: 0.2, Max: 0.5, Diff: 0.5, Sum: 0.7]
         [Termination Attempts: Min: 1, Avg: 1.0, Max: 1, Diff: 0, Sum: 4]
      [GC Worker Other (ms): Min: 0.0, Avg: 0.0, Max: 0.0, Diff: 0.0, Sum: 0.0]
      [GC Worker Total (ms): Min: 0.1, Avg: 2.7, Max: 6.8, Diff: 6.6, Sum: 10.6]
      [GC Worker End (ms): Min: 4537.2, Avg: 4537.2, Max: 4537.2, Diff: 0.0]
   [Code Root Fixup: 0.1 ms]
   [Code Root Purge: 0.0 ms]
   [Clear CT: 0.0 ms]
   [Other: 0.5 ms]
      [Choose CSet: 0.0 ms]
      [Ref Proc: 0.3 ms]
      [Ref Enq: 0.0 ms]
      [Redirty Cards: 0.0 ms]
      [Humongous Register: 0.0 ms]
      [Humongous Reclaim: 0.0 ms]
      [Free CSet: 0.0 ms]
   [Eden: 48.0M(48.0M)->0.0B(60.0M) Survivors: 5120.0K->4096.0K Heap: 183.8M(1024.0M)->135.1M(1024.0M)]
 [Times: user=0.01 sys=0.00, real=0.01 secs] 
2018-10-17T09:50:03.725+0300: 4.711: [GC pause (G1 Humongous Allocation) (young) (initial-mark), 0.0134510 secs]
   [Parallel Time: 4.4 ms, GC Workers: 4]
      [GC Worker Start (ms): Min: 4711.4, Avg: 4712.6, Max: 4713.0, Diff: 1.7]
      [Ext Root Scanning (ms): Min: 0.0, Avg: 1.5, Max: 2.3, Diff: 2.2, Sum: 6.0]
      [Update RS (ms): Min: 0.0, Avg: 0.2, Max: 0.3, Diff: 0.3, Sum: 0.6]
         [Processed Buffers: Min: 0, Avg: 2.2, Max: 8, Diff: 8, Sum: 9]
      [Scan RS (ms): Min: 0.0, Avg: 0.0, Max: 0.0, Diff: 0.0, Sum: 0.0]
      [Code Root Scanning (ms): Min: 0.0, Avg: 0.1, Max: 0.4, Diff: 0.4, Sum: 0.4]
      [Object Copy (ms): Min: 0.0, Avg: 0.8, Max: 1.7, Diff: 1.7, Sum: 3.3]
      [Termination (ms): Min: 0.0, Avg: 0.2, Max: 0.6, Diff: 0.6, Sum: 0.8]
         [Termination Attempts: Min: 1, Avg: 1.0, Max: 1, Diff: 0, Sum: 4]
      [GC Worker Other (ms): Min: 0.0, Avg: 0.0, Max: 0.0, Diff: 0.0, Sum: 0.0]
      [GC Worker Total (ms): Min: 2.3, Avg: 2.8, Max: 3.9, Diff: 1.7, Sum: 11.2]
      [GC Worker End (ms): Min: 4715.3, Avg: 4715.4, Max: 4715.7, Diff: 0.4]
   [Code Root Fixup: 0.1 ms]
   [Code Root Purge: 0.0 ms]
   [Clear CT: 0.0 ms]
   [Other: 8.9 ms]
      [Choose CSet: 0.0 ms]
      [Ref Proc: 8.5 ms]
      [Ref Enq: 0.0 ms]
      [Redirty Cards: 0.0 ms]
      [Humongous Register: 0.0 ms]
      [Humongous Reclaim: 0.2 ms]
      [Free CSet: 0.0 ms]
   [Eden: 16.0M(60.0M)->0.0B(61.0M) Survivors: 4096.0K->4096.0K Heap: 335.3M(1024.0M)->135.6M(1024.0M)]
 [Times: user=0.02 sys=0.00, real=0.02 secs] 
2018-10-17T09:50:03.739+0300: 4.725: [GC concurrent-root-region-scan-start]
2018-10-17T09:50:03.741+0300: 4.727: [GC concurrent-root-region-scan-end, 0.0026513 secs]
2018-10-17T09:50:03.741+0300: 4.727: [GC concurrent-mark-start]
2018-10-17T09:50:03.747+0300: 4.733: [GC concurrent-mark-end, 0.0054654 secs]
2018-10-17T09:50:03.747+0300: 4.733: [GC remark 2018-10-17T09:50:03.747+0300: 4.733: [Finalize Marking, 0.0019759 secs] 2018-10-17T09:50:03.749+0300: 4.735: [GC ref-proc, 0.0001191 secs] 2018-10-17T09:50:03.749+0300: 4.735: [Unloading, 0.0035798 secs], 0.0066853 secs]
 [Times: user=0.01 sys=0.00, real=0.01 secs] 
2018-10-17T09:50:03.757+0300: 4.743: [GC cleanup 151M->151M(1024M), 0.0016137 secs]
 [Times: user=0.00 sys=0.00, real=0.00 secs] 
2018-10-17T09:52:50.138+0300: 171.124: [GC pause (G1 Evacuation Pause) (young), 0.0055837 secs]
   [Parallel Time: 3.7 ms, GC Workers: 4]
      [GC Worker Start (ms): Min: 171124.5, Avg: 171125.4, Max: 171128.1, Diff: 3.6]
      [Ext Root Scanning (ms): Min: 0.0, Avg: 0.4, Max: 0.6, Diff: 0.6, Sum: 1.6]
      [Update RS (ms): Min: 0.0, Avg: 0.2, Max: 0.3, Diff: 0.3, Sum: 0.7]
         [Processed Buffers: Min: 0, Avg: 5.8, Max: 21, Diff: 21, Sum: 23]
      [Scan RS (ms): Min: 0.0, Avg: 0.0, Max: 0.0, Diff: 0.0, Sum: 0.0]
      [Code Root Scanning (ms): Min: 0.0, Avg: 0.2, Max: 0.4, Diff: 0.4, Sum: 0.7]
      [Object Copy (ms): Min: 0.0, Avg: 1.8, Max: 2.6, Diff: 2.6, Sum: 7.4]
      [Termination (ms): Min: 0.0, Avg: 0.1, Max: 0.1, Diff: 0.1, Sum: 0.3]
         [Termination Attempts: Min: 1, Avg: 1.0, Max: 1, Diff: 0, Sum: 4]
      [GC Worker Other (ms): Min: 0.0, Avg: 0.0, Max: 0.0, Diff: 0.0, Sum: 0.0]
      [GC Worker Total (ms): Min: 0.0, Avg: 2.7, Max: 3.6, Diff: 3.6, Sum: 10.9]
      [GC Worker End (ms): Min: 171128.1, Avg: 171128.2, Max: 171128.2, Diff: 0.1]
   [Code Root Fixup: 0.2 ms]
   [Code Root Purge: 0.0 ms]
   [Clear CT: 0.0 ms]
   [Other: 1.6 ms]
      [Choose CSet: 0.0 ms]
      [Ref Proc: 1.2 ms]
      [Ref Enq: 0.0 ms]
      [Redirty Cards: 0.0 ms]
      [Humongous Register: 0.0 ms]
      [Humongous Reclaim: 0.1 ms]
      [Free CSet: 0.0 ms]
   [Eden: 61.0M(61.0M)->0.0B(174.0M) Survivors: 4096.0K->7168.0K Heap: 261.6M(1024.0M)->138.1M(1024.0M)]
 [Times: user=0.01 sys=0.00, real=0.00 secs] 
2018-10-17T10:09:49.051+0300: 1190.037: [GC pause (G1 Evacuation Pause) (young), 0.0142711 secs]
   [Parallel Time: 13.1 ms, GC Workers: 4]
      [GC Worker Start (ms): Min: 1190037.1, Avg: 1190041.5, Max: 1190046.9, Diff: 9.9]
      [Ext Root Scanning (ms): Min: 0.0, Avg: 0.3, Max: 1.1, Diff: 1.1, Sum: 1.1]
      [Update RS (ms): Min: 0.0, Avg: 0.2, Max: 0.7, Diff: 0.7, Sum: 0.7]
         [Processed Buffers: Min: 0, Avg: 4.0, Max: 13, Diff: 13, Sum: 16]
      [Scan RS (ms): Min: 0.0, Avg: 0.0, Max: 0.1, Diff: 0.0, Sum: 0.1]
      [Code Root Scanning (ms): Min: 0.0, Avg: 2.9, Max: 11.0, Diff: 11.0, Sum: 11.5]
      [Object Copy (ms): Min: 0.2, Avg: 4.8, Max: 9.9, Diff: 9.6, Sum: 19.2]
      [Termination (ms): Min: 0.0, Avg: 0.5, Max: 0.8, Diff: 0.8, Sum: 2.0]
         [Termination Attempts: Min: 1, Avg: 1.0, Max: 1, Diff: 0, Sum: 4]
      [GC Worker Other (ms): Min: 0.0, Avg: 0.0, Max: 0.0, Diff: 0.0, Sum: 0.0]
      [GC Worker Total (ms): Min: 3.2, Avg: 8.7, Max: 13.1, Diff: 9.9, Sum: 34.7]
      [GC Worker End (ms): Min: 1190050.1, Avg: 1190050.2, Max: 1190050.2, Diff: 0.0]
   [Code Root Fixup: 0.2 ms]
   [Code Root Purge: 0.0 ms]
   [Clear CT: 0.1 ms]
   [Other: 0.8 ms]
      [Choose CSet: 0.0 ms]
      [Ref Proc: 0.5 ms]
      [Ref Enq: 0.0 ms]
      [Redirty Cards: 0.0 ms]
      [Humongous Register: 0.0 ms]
      [Humongous Reclaim: 0.0 ms]
      [Free CSet: 0.1 ms]
   [Eden: 174.0M(174.0M)->0.0B(247.0M) Survivors: 7168.0K->8192.0K Heap: 312.1M(1024.0M)->139.1M(1024.0M)]
 [Times: user=0.01 sys=0.00, real=0.01 secs] 
